// Jest Snapshot v1, https://goo.gl/fbAQLP

exports[`reducer should add stonks to cart 1`] = `
Object {
  "activeFilters": Array [],
  "amountStonksShop": Array [
    1,
    1,
    1,
    1,
    1,
    1,
    1,
    1,
    1,
    1,
    1,
    1,
    1,
    1,
    1,
    1,
    1,
    1,
    1,
    1,
    1,
    1,
    1,
    1,
    1,
  ],
  "cart": Array [
    Object {
      "amount": 1,
      "description": "If you have unlocked the freeRealEstateStonk, you are a absolute madman,
  go do die for our sakess man. Seriously dude, how do you do this, we dont even know it is likes
  when Fil fixes a bote with just tape wow man.",
      "id": 1,
      "name": "FREE REAL ESTATE",
      "pathToImage": "https://www.outdoorpainter.com/wp-content/uploads/2017/12/1.-SNOW-Handrahan.-Cold-Morning-Warm-Light-12x16.jpg",
      "price": 1015,
      "selected": false,
      "sellAmount": 1,
    },
    Object {
      "amount": 1,
      "description": "A free government stonk granted to nice guys; the whiteboard stonk is trashes,
   but a nice start, you could draw on your hand, with squidwards special secretions instead,
   or with a lightbulb with the lemon sauce to make secret codes, honestly the whiteboard was a mistake
   when the old people die so will the stonk.",
      "id": 0,
      "name": "whiteboard",
      "pathToImage": "http://cdn.ebaumsworld.com/2015/05/14/043327/84584305/tumblr_mm16sq2gsb1rziftho1_1280.jpg",
      "price": 13,
      "selected": false,
      "sellAmount": 1,
    },
    Object {
      "amount": 1,
      "description": "The cheese stonk is like the best stonk, i mean milk is the same but the italian people cant eat it,
   3 million italianos * 10 cheeses a day = 30 million cheeses a day, wowchee. and also fat people eat lots of cheese to help with their water consumption.",
      "id": 2,
      "name": "cheese stonk",
      "pathToImage": "https://skinnyms.com/wp-content/uploads/2012/03/Tuna-Casserole-1.jpg",
      "price": 115,
      "selected": true,
      "sellAmount": 1,
    },
    Object {
      "amount": 12,
      "description": "floopderop",
      "id": 1,
      "name": "floop",
      "pathToImage": "https://",
      "price": 101,
      "selected": false,
      "sellAmount": 1,
    },
  ],
  "inventory": Array [
    Object {
      "amount": 1,
      "description": "If you have unlocked the freeRealEstateStonk, you are a absolute madman,
  go do die for our sakess man. Seriously dude, how do you do this, we dont even know it is likes
  when Fil fixes a bote with just tape wow man.",
      "id": 1,
      "name": "FREE REAL ESTATE",
      "pathToImage": "https://www.outdoorpainter.com/wp-content/uploads/2017/12/1.-SNOW-Handrahan.-Cold-Morning-Warm-Light-12x16.jpg",
      "price": 1015,
      "selected": false,
      "sellAmount": 1,
    },
    Object {
      "amount": 1,
      "description": "A free government stonk granted to nice guys; the whiteboard stonk is trashes,
   but a nice start, you could draw on your hand, with squidwards special secretions instead,
   or with a lightbulb with the lemon sauce to make secret codes, honestly the whiteboard was a mistake
   when the old people die so will the stonk.",
      "id": 0,
      "name": "whiteboard",
      "pathToImage": "http://cdn.ebaumsworld.com/2015/05/14/043327/84584305/tumblr_mm16sq2gsb1rziftho1_1280.jpg",
      "price": 13,
      "selected": false,
      "sellAmount": 1,
    },
    Object {
      "amount": 1,
      "description": "The cheese stonk is like the best stonk, i mean milk is the same but the italian people cant eat it,
   3 million italianos * 10 cheeses a day = 30 million cheeses a day, wowchee. and also fat people eat lots of cheese to help with their water consumption.",
      "id": 2,
      "name": "cheese stonk",
      "pathToImage": "https://skinnyms.com/wp-content/uploads/2012/03/Tuna-Casserole-1.jpg",
      "price": 115,
      "selected": true,
      "sellAmount": 1,
    },
  ],
  "money": 1000,
  "snackbar": Object {
    "message": "dont show",
    "open": false,
    "variant": "success",
  },
}
`;
